                                 Started job on |	Jul 27 13:50:08
                             Started mapping on |	Jul 27 14:20:36
                                    Finished on |	Jul 27 15:13:04
       Mapping speed, Million of reads per hour |	71.69

                          Number of input reads |	62692170
                      Average input read length |	260
                                    UNIQUE READS:
                   Uniquely mapped reads number |	8825283
                        Uniquely mapped reads % |	14.08%
                          Average mapped length |	273.28
                       Number of splices: Total |	4242620
            Number of splices: Annotated (sjdb) |	4174190
                       Number of splices: GT/AG |	3946941
                       Number of splices: GC/AG |	74541
                       Number of splices: AT/AC |	20245
               Number of splices: Non-canonical |	200893
                      Mismatch rate per base, % |	0.80%
                         Deletion rate per base |	0.05%
                        Deletion average length |	2.76
                        Insertion rate per base |	0.03%
                       Insertion average length |	2.86
                             MULTI-MAPPING READS:
        Number of reads mapped to multiple loci |	9759199
             % of reads mapped to multiple loci |	15.57%
        Number of reads mapped to too many loci |	8687531
             % of reads mapped to too many loci |	13.86%
                                  UNMAPPED READS:
  Number of reads unmapped: too many mismatches |	0
       % of reads unmapped: too many mismatches |	0.00%
            Number of reads unmapped: too short |	13003756
                 % of reads unmapped: too short |	20.74%
                Number of reads unmapped: other |	22416401
                     % of reads unmapped: other |	35.76%
                                  CHIMERIC READS:
                       Number of chimeric reads |	0
                            % of chimeric reads |	0.00%
