                                 Started job on |	Jul 27 13:53:04
                             Started mapping on |	Jul 27 14:19:56
                                    Finished on |	Jul 27 15:03:25
       Mapping speed, Million of reads per hour |	75.87

                          Number of input reads |	54983313
                      Average input read length |	261
                                    UNIQUE READS:
                   Uniquely mapped reads number |	10505903
                        Uniquely mapped reads % |	19.11%
                          Average mapped length |	276.51
                       Number of splices: Total |	3827141
            Number of splices: Annotated (sjdb) |	3740577
                       Number of splices: GT/AG |	3459586
                       Number of splices: GC/AG |	65479
                       Number of splices: AT/AC |	18497
               Number of splices: Non-canonical |	283579
                      Mismatch rate per base, % |	0.84%
                         Deletion rate per base |	0.06%
                        Deletion average length |	3.00
                        Insertion rate per base |	0.04%
                       Insertion average length |	2.90
                             MULTI-MAPPING READS:
        Number of reads mapped to multiple loci |	7494068
             % of reads mapped to multiple loci |	13.63%
        Number of reads mapped to too many loci |	5781367
             % of reads mapped to too many loci |	10.51%
                                  UNMAPPED READS:
  Number of reads unmapped: too many mismatches |	0
       % of reads unmapped: too many mismatches |	0.00%
            Number of reads unmapped: too short |	13464841
                 % of reads unmapped: too short |	24.49%
                Number of reads unmapped: other |	17737134
                     % of reads unmapped: other |	32.26%
                                  CHIMERIC READS:
                       Number of chimeric reads |	0
                            % of chimeric reads |	0.00%
