                                 Started job on |	Jul 27 13:59:26
                             Started mapping on |	Jul 27 14:32:19
                                    Finished on |	Jul 27 15:33:18
       Mapping speed, Million of reads per hour |	66.64

                          Number of input reads |	67732430
                      Average input read length |	264
                                    UNIQUE READS:
                   Uniquely mapped reads number |	11923808
                        Uniquely mapped reads % |	17.60%
                          Average mapped length |	277.16
                       Number of splices: Total |	3835612
            Number of splices: Annotated (sjdb) |	3713462
                       Number of splices: GT/AG |	3532857
                       Number of splices: GC/AG |	122618
                       Number of splices: AT/AC |	3699
               Number of splices: Non-canonical |	176438
                      Mismatch rate per base, % |	0.88%
                         Deletion rate per base |	0.06%
                        Deletion average length |	3.00
                        Insertion rate per base |	0.04%
                       Insertion average length |	2.90
                             MULTI-MAPPING READS:
        Number of reads mapped to multiple loci |	9018072
             % of reads mapped to multiple loci |	13.31%
        Number of reads mapped to too many loci |	8745750
             % of reads mapped to too many loci |	12.91%
                                  UNMAPPED READS:
  Number of reads unmapped: too many mismatches |	0
       % of reads unmapped: too many mismatches |	0.00%
            Number of reads unmapped: too short |	15325803
                 % of reads unmapped: too short |	22.63%
                Number of reads unmapped: other |	22718997
                     % of reads unmapped: other |	33.54%
                                  CHIMERIC READS:
                       Number of chimeric reads |	0
                            % of chimeric reads |	0.00%
