                                 Started job on |	Jul 27 14:13:10
                             Started mapping on |	Jul 27 14:50:10
                                    Finished on |	Jul 27 15:43:03
       Mapping speed, Million of reads per hour |	86.03

                          Number of input reads |	75822032
                      Average input read length |	248
                                    UNIQUE READS:
                   Uniquely mapped reads number |	9175499
                        Uniquely mapped reads % |	12.10%
                          Average mapped length |	257.95
                       Number of splices: Total |	4590289
            Number of splices: Annotated (sjdb) |	4505057
                       Number of splices: GT/AG |	4212679
                       Number of splices: GC/AG |	245895
                       Number of splices: AT/AC |	3714
               Number of splices: Non-canonical |	128001
                      Mismatch rate per base, % |	0.95%
                         Deletion rate per base |	0.04%
                        Deletion average length |	2.82
                        Insertion rate per base |	0.02%
                       Insertion average length |	3.04
                             MULTI-MAPPING READS:
        Number of reads mapped to multiple loci |	13411850
             % of reads mapped to multiple loci |	17.69%
        Number of reads mapped to too many loci |	10200618
             % of reads mapped to too many loci |	13.45%
                                  UNMAPPED READS:
  Number of reads unmapped: too many mismatches |	0
       % of reads unmapped: too many mismatches |	0.00%
            Number of reads unmapped: too short |	22557648
                 % of reads unmapped: too short |	29.75%
                Number of reads unmapped: other |	20476417
                     % of reads unmapped: other |	27.01%
                                  CHIMERIC READS:
                       Number of chimeric reads |	0
                            % of chimeric reads |	0.00%
