                                 Started job on |	Jul 27 15:31:40
                             Started mapping on |	Jul 27 15:58:04
                                    Finished on |	Jul 27 16:35:25
       Mapping speed, Million of reads per hour |	89.55

                          Number of input reads |	55746222
                      Average input read length |	269
                                    UNIQUE READS:
                   Uniquely mapped reads number |	13461010
                        Uniquely mapped reads % |	24.15%
                          Average mapped length |	281.05
                       Number of splices: Total |	4295162
            Number of splices: Annotated (sjdb) |	4190300
                       Number of splices: GT/AG |	4027609
                       Number of splices: GC/AG |	115337
                       Number of splices: AT/AC |	2053
               Number of splices: Non-canonical |	150163
                      Mismatch rate per base, % |	0.77%
                         Deletion rate per base |	0.06%
                        Deletion average length |	2.98
                        Insertion rate per base |	0.04%
                       Insertion average length |	2.56
                             MULTI-MAPPING READS:
        Number of reads mapped to multiple loci |	9357963
             % of reads mapped to multiple loci |	16.79%
        Number of reads mapped to too many loci |	4926888
             % of reads mapped to too many loci |	8.84%
                                  UNMAPPED READS:
  Number of reads unmapped: too many mismatches |	0
       % of reads unmapped: too many mismatches |	0.00%
            Number of reads unmapped: too short |	12040308
                 % of reads unmapped: too short |	21.60%
                Number of reads unmapped: other |	15960053
                     % of reads unmapped: other |	28.63%
                                  CHIMERIC READS:
                       Number of chimeric reads |	0
                            % of chimeric reads |	0.00%
