                                 Started job on |	Jul 27 13:50:09
                             Started mapping on |	Jul 27 14:20:49
                                    Finished on |	Jul 27 15:08:10
       Mapping speed, Million of reads per hour |	84.22

                          Number of input reads |	66461231
                      Average input read length |	260
                                    UNIQUE READS:
                   Uniquely mapped reads number |	11672554
                        Uniquely mapped reads % |	17.56%
                          Average mapped length |	273.28
                       Number of splices: Total |	2818931
            Number of splices: Annotated (sjdb) |	2701446
                       Number of splices: GT/AG |	2500512
                       Number of splices: GC/AG |	81724
                       Number of splices: AT/AC |	9250
               Number of splices: Non-canonical |	227445
                      Mismatch rate per base, % |	0.91%
                         Deletion rate per base |	0.06%
                        Deletion average length |	3.07
                        Insertion rate per base |	0.04%
                       Insertion average length |	2.80
                             MULTI-MAPPING READS:
        Number of reads mapped to multiple loci |	9814947
             % of reads mapped to multiple loci |	14.77%
        Number of reads mapped to too many loci |	7889894
             % of reads mapped to too many loci |	11.87%
                                  UNMAPPED READS:
  Number of reads unmapped: too many mismatches |	0
       % of reads unmapped: too many mismatches |	0.00%
            Number of reads unmapped: too short |	17720383
                 % of reads unmapped: too short |	26.66%
                Number of reads unmapped: other |	19363453
                     % of reads unmapped: other |	29.13%
                                  CHIMERIC READS:
                       Number of chimeric reads |	0
                            % of chimeric reads |	0.00%
