                                 Started job on |	Jul 27 13:54:01
                             Started mapping on |	Jul 27 14:32:03
                                    Finished on |	Jul 27 15:58:19
       Mapping speed, Million of reads per hour |	50.97

                          Number of input reads |	73282456
                      Average input read length |	263
                                    UNIQUE READS:
                   Uniquely mapped reads number |	12818094
                        Uniquely mapped reads % |	17.49%
                          Average mapped length |	275.23
                       Number of splices: Total |	2553863
            Number of splices: Annotated (sjdb) |	2415957
                       Number of splices: GT/AG |	2265704
                       Number of splices: GC/AG |	46814
                       Number of splices: AT/AC |	16254
               Number of splices: Non-canonical |	225091
                      Mismatch rate per base, % |	0.90%
                         Deletion rate per base |	0.07%
                        Deletion average length |	3.03
                        Insertion rate per base |	0.04%
                       Insertion average length |	2.84
                             MULTI-MAPPING READS:
        Number of reads mapped to multiple loci |	10624929
             % of reads mapped to multiple loci |	14.50%
        Number of reads mapped to too many loci |	11268891
             % of reads mapped to too many loci |	15.38%
                                  UNMAPPED READS:
  Number of reads unmapped: too many mismatches |	0
       % of reads unmapped: too many mismatches |	0.00%
            Number of reads unmapped: too short |	16340187
                 % of reads unmapped: too short |	22.30%
                Number of reads unmapped: other |	22230355
                     % of reads unmapped: other |	30.34%
                                  CHIMERIC READS:
                       Number of chimeric reads |	0
                            % of chimeric reads |	0.00%
