                                 Started job on |	Jul 27 13:58:48
                             Started mapping on |	Jul 27 14:51:09
                                    Finished on |	Jul 27 17:04:40
       Mapping speed, Million of reads per hour |	44.34

                          Number of input reads |	98672877
                      Average input read length |	264
                                    UNIQUE READS:
                   Uniquely mapped reads number |	6962589
                        Uniquely mapped reads % |	7.06%
                          Average mapped length |	258.82
                       Number of splices: Total |	2317873
            Number of splices: Annotated (sjdb) |	2197055
                       Number of splices: GT/AG |	1860478
                       Number of splices: GC/AG |	155924
                       Number of splices: AT/AC |	8743
               Number of splices: Non-canonical |	292728
                      Mismatch rate per base, % |	0.60%
                         Deletion rate per base |	0.03%
                        Deletion average length |	2.43
                        Insertion rate per base |	0.02%
                       Insertion average length |	2.62
                             MULTI-MAPPING READS:
        Number of reads mapped to multiple loci |	17755285
             % of reads mapped to multiple loci |	17.99%
        Number of reads mapped to too many loci |	17330180
             % of reads mapped to too many loci |	17.56%
                                  UNMAPPED READS:
  Number of reads unmapped: too many mismatches |	0
       % of reads unmapped: too many mismatches |	0.00%
            Number of reads unmapped: too short |	14903945
                 % of reads unmapped: too short |	15.10%
                Number of reads unmapped: other |	41720878
                     % of reads unmapped: other |	42.28%
                                  CHIMERIC READS:
                       Number of chimeric reads |	0
                            % of chimeric reads |	0.00%
