                                 Started job on |	Jul 27 15:03:41
                             Started mapping on |	Jul 27 15:42:56
                                    Finished on |	Jul 27 16:50:24
       Mapping speed, Million of reads per hour |	83.24

                          Number of input reads |	93593604
                      Average input read length |	265
                                    UNIQUE READS:
                   Uniquely mapped reads number |	24992385
                        Uniquely mapped reads % |	26.70%
                          Average mapped length |	280.41
                       Number of splices: Total |	7502505
            Number of splices: Annotated (sjdb) |	7329665
                       Number of splices: GT/AG |	7077998
                       Number of splices: GC/AG |	121471
                       Number of splices: AT/AC |	5110
               Number of splices: Non-canonical |	297926
                      Mismatch rate per base, % |	0.87%
                         Deletion rate per base |	0.06%
                        Deletion average length |	3.02
                        Insertion rate per base |	0.04%
                       Insertion average length |	2.91
                             MULTI-MAPPING READS:
        Number of reads mapped to multiple loci |	12272139
             % of reads mapped to multiple loci |	13.11%
        Number of reads mapped to too many loci |	8762025
             % of reads mapped to too many loci |	9.36%
                                  UNMAPPED READS:
  Number of reads unmapped: too many mismatches |	0
       % of reads unmapped: too many mismatches |	0.00%
            Number of reads unmapped: too short |	23251314
                 % of reads unmapped: too short |	24.84%
                Number of reads unmapped: other |	24315741
                     % of reads unmapped: other |	25.98%
                                  CHIMERIC READS:
                       Number of chimeric reads |	0
                            % of chimeric reads |	0.00%
