                                 Started job on |	Jul 27 15:38:10
                             Started mapping on |	Jul 27 16:21:09
                                    Finished on |	Jul 27 17:41:18
       Mapping speed, Million of reads per hour |	64.38

                          Number of input reads |	85998435
                      Average input read length |	263
                                    UNIQUE READS:
                   Uniquely mapped reads number |	17483831
                        Uniquely mapped reads % |	20.33%
                          Average mapped length |	276.79
                       Number of splices: Total |	5232197
            Number of splices: Annotated (sjdb) |	5059664
                       Number of splices: GT/AG |	4810943
                       Number of splices: GC/AG |	140928
                       Number of splices: AT/AC |	11247
               Number of splices: Non-canonical |	269079
                      Mismatch rate per base, % |	0.87%
                         Deletion rate per base |	0.06%
                        Deletion average length |	2.97
                        Insertion rate per base |	0.04%
                       Insertion average length |	2.84
                             MULTI-MAPPING READS:
        Number of reads mapped to multiple loci |	12716663
             % of reads mapped to multiple loci |	14.79%
        Number of reads mapped to too many loci |	11384514
             % of reads mapped to too many loci |	13.24%
                                  UNMAPPED READS:
  Number of reads unmapped: too many mismatches |	0
       % of reads unmapped: too many mismatches |	0.00%
            Number of reads unmapped: too short |	20208517
                 % of reads unmapped: too short |	23.50%
                Number of reads unmapped: other |	24204910
                     % of reads unmapped: other |	28.15%
                                  CHIMERIC READS:
                       Number of chimeric reads |	0
                            % of chimeric reads |	0.00%
