                                 Started job on |	Jul 27 15:59:35
                             Started mapping on |	Jul 27 16:42:04
                                    Finished on |	Jul 27 18:17:44
       Mapping speed, Million of reads per hour |	49.90

                          Number of input reads |	79566406
                      Average input read length |	265
                                    UNIQUE READS:
                   Uniquely mapped reads number |	8350108
                        Uniquely mapped reads % |	10.49%
                          Average mapped length |	269.18
                       Number of splices: Total |	1761317
            Number of splices: Annotated (sjdb) |	1652502
                       Number of splices: GT/AG |	1481926
                       Number of splices: GC/AG |	59401
                       Number of splices: AT/AC |	6641
               Number of splices: Non-canonical |	213349
                      Mismatch rate per base, % |	0.81%
                         Deletion rate per base |	0.06%
                        Deletion average length |	2.90
                        Insertion rate per base |	0.04%
                       Insertion average length |	2.86
                             MULTI-MAPPING READS:
        Number of reads mapped to multiple loci |	11560659
             % of reads mapped to multiple loci |	14.53%
        Number of reads mapped to too many loci |	14423350
             % of reads mapped to too many loci |	18.13%
                                  UNMAPPED READS:
  Number of reads unmapped: too many mismatches |	0
       % of reads unmapped: too many mismatches |	0.00%
            Number of reads unmapped: too short |	13660310
                 % of reads unmapped: too short |	17.17%
                Number of reads unmapped: other |	31571979
                     % of reads unmapped: other |	39.68%
                                  CHIMERIC READS:
                       Number of chimeric reads |	0
                            % of chimeric reads |	0.00%
