                                 Started job on |	Jul 27 16:09:10
                             Started mapping on |	Jul 27 16:48:01
                                    Finished on |	Jul 27 18:16:45
       Mapping speed, Million of reads per hour |	55.22

                          Number of input reads |	81662546
                      Average input read length |	259
                                    UNIQUE READS:
                   Uniquely mapped reads number |	10228306
                        Uniquely mapped reads % |	12.53%
                          Average mapped length |	265.37
                       Number of splices: Total |	2976198
            Number of splices: Annotated (sjdb) |	2873676
                       Number of splices: GT/AG |	2538390
                       Number of splices: GC/AG |	145037
                       Number of splices: AT/AC |	36188
               Number of splices: Non-canonical |	256583
                      Mismatch rate per base, % |	0.81%
                         Deletion rate per base |	0.05%
                        Deletion average length |	2.70
                        Insertion rate per base |	0.03%
                       Insertion average length |	2.77
                             MULTI-MAPPING READS:
        Number of reads mapped to multiple loci |	14743501
             % of reads mapped to multiple loci |	18.05%
        Number of reads mapped to too many loci |	14747361
             % of reads mapped to too many loci |	18.06%
                                  UNMAPPED READS:
  Number of reads unmapped: too many mismatches |	0
       % of reads unmapped: too many mismatches |	0.00%
            Number of reads unmapped: too short |	15891470
                 % of reads unmapped: too short |	19.46%
                Number of reads unmapped: other |	26051908
                     % of reads unmapped: other |	31.90%
                                  CHIMERIC READS:
                       Number of chimeric reads |	0
                            % of chimeric reads |	0.00%
