                                 Started job on |	Jul 27 16:50:20
                             Started mapping on |	Jul 27 17:57:23
                                    Finished on |	Jul 27 20:29:46
       Mapping speed, Million of reads per hour |	48.02

                          Number of input reads |	121960007
                      Average input read length |	264
                                    UNIQUE READS:
                   Uniquely mapped reads number |	11041709
                        Uniquely mapped reads % |	9.05%
                          Average mapped length |	267.83
                       Number of splices: Total |	3641695
            Number of splices: Annotated (sjdb) |	3505602
                       Number of splices: GT/AG |	3337561
                       Number of splices: GC/AG |	57380
                       Number of splices: AT/AC |	8906
               Number of splices: Non-canonical |	237848
                      Mismatch rate per base, % |	0.77%
                         Deletion rate per base |	0.05%
                        Deletion average length |	2.81
                        Insertion rate per base |	0.03%
                       Insertion average length |	2.84
                             MULTI-MAPPING READS:
        Number of reads mapped to multiple loci |	20202498
             % of reads mapped to multiple loci |	16.56%
        Number of reads mapped to too many loci |	20547489
             % of reads mapped to too many loci |	16.85%
                                  UNMAPPED READS:
  Number of reads unmapped: too many mismatches |	0
       % of reads unmapped: too many mismatches |	0.00%
            Number of reads unmapped: too short |	20148887
                 % of reads unmapped: too short |	16.52%
                Number of reads unmapped: other |	50019424
                     % of reads unmapped: other |	41.01%
                                  CHIMERIC READS:
                       Number of chimeric reads |	0
                            % of chimeric reads |	0.00%
