                                 Started job on |	Jul 27 17:09:54
                             Started mapping on |	Jul 27 17:48:19
                                    Finished on |	Jul 27 19:01:06
       Mapping speed, Million of reads per hour |	70.25

                          Number of input reads |	85216867
                      Average input read length |	269
                                    UNIQUE READS:
                   Uniquely mapped reads number |	16188068
                        Uniquely mapped reads % |	19.00%
                          Average mapped length |	280.47
                       Number of splices: Total |	4425888
            Number of splices: Annotated (sjdb) |	4286976
                       Number of splices: GT/AG |	3978034
                       Number of splices: GC/AG |	174337
                       Number of splices: AT/AC |	4825
               Number of splices: Non-canonical |	268692
                      Mismatch rate per base, % |	0.88%
                         Deletion rate per base |	0.06%
                        Deletion average length |	2.98
                        Insertion rate per base |	0.04%
                       Insertion average length |	2.82
                             MULTI-MAPPING READS:
        Number of reads mapped to multiple loci |	12060880
             % of reads mapped to multiple loci |	14.15%
        Number of reads mapped to too many loci |	10152318
             % of reads mapped to too many loci |	11.91%
                                  UNMAPPED READS:
  Number of reads unmapped: too many mismatches |	0
       % of reads unmapped: too many mismatches |	0.00%
            Number of reads unmapped: too short |	17834186
                 % of reads unmapped: too short |	20.93%
                Number of reads unmapped: other |	28981415
                     % of reads unmapped: other |	34.01%
                                  CHIMERIC READS:
                       Number of chimeric reads |	0
                            % of chimeric reads |	0.00%
