                                 Started job on |	Jul 27 17:20:10
                             Started mapping on |	Jul 27 17:54:28
                                    Finished on |	Jul 27 18:43:38
       Mapping speed, Million of reads per hour |	84.75

                          Number of input reads |	69450269
                      Average input read length |	268
                                    UNIQUE READS:
                   Uniquely mapped reads number |	17331434
                        Uniquely mapped reads % |	24.96%
                          Average mapped length |	281.88
                       Number of splices: Total |	4242308
            Number of splices: Annotated (sjdb) |	4112506
                       Number of splices: GT/AG |	3905263
                       Number of splices: GC/AG |	117026
                       Number of splices: AT/AC |	14239
               Number of splices: Non-canonical |	205780
                      Mismatch rate per base, % |	0.87%
                         Deletion rate per base |	0.07%
                        Deletion average length |	3.05
                        Insertion rate per base |	0.05%
                       Insertion average length |	2.92
                             MULTI-MAPPING READS:
        Number of reads mapped to multiple loci |	8008226
             % of reads mapped to multiple loci |	11.53%
        Number of reads mapped to too many loci |	5674551
             % of reads mapped to too many loci |	8.17%
                                  UNMAPPED READS:
  Number of reads unmapped: too many mismatches |	0
       % of reads unmapped: too many mismatches |	0.00%
            Number of reads unmapped: too short |	19591697
                 % of reads unmapped: too short |	28.21%
                Number of reads unmapped: other |	18844361
                     % of reads unmapped: other |	27.13%
                                  CHIMERIC READS:
                       Number of chimeric reads |	0
                            % of chimeric reads |	0.00%
