                                 Started job on |	Jul 27 13:49:12
                             Started mapping on |	Jul 27 14:46:59
                                    Finished on |	Jul 27 16:48:03
       Mapping speed, Million of reads per hour |	59.19

                          Number of input reads |	119423188
                      Average input read length |	271
                                    UNIQUE READS:
                   Uniquely mapped reads number |	27122647
                        Uniquely mapped reads % |	22.71%
                          Average mapped length |	281.82
                       Number of splices: Total |	10343957
            Number of splices: Annotated (sjdb) |	10135630
                       Number of splices: GT/AG |	9778158
                       Number of splices: GC/AG |	199486
                       Number of splices: AT/AC |	9859
               Number of splices: Non-canonical |	356454
                      Mismatch rate per base, % |	0.83%
                         Deletion rate per base |	0.06%
                        Deletion average length |	3.04
                        Insertion rate per base |	0.04%
                       Insertion average length |	2.88
                             MULTI-MAPPING READS:
        Number of reads mapped to multiple loci |	14403339
             % of reads mapped to multiple loci |	12.06%
        Number of reads mapped to too many loci |	12147033
             % of reads mapped to too many loci |	10.17%
                                  UNMAPPED READS:
  Number of reads unmapped: too many mismatches |	0
       % of reads unmapped: too many mismatches |	0.00%
            Number of reads unmapped: too short |	24967650
                 % of reads unmapped: too short |	20.91%
                Number of reads unmapped: other |	40782519
                     % of reads unmapped: other |	34.15%
                                  CHIMERIC READS:
                       Number of chimeric reads |	0
                            % of chimeric reads |	0.00%
