                                 Started job on |	Jul 27 13:53:38
                             Started mapping on |	Jul 27 14:33:41
                                    Finished on |	Jul 27 15:41:03
       Mapping speed, Million of reads per hour |	77.40

                          Number of input reads |	86901847
                      Average input read length |	261
                                    UNIQUE READS:
                   Uniquely mapped reads number |	18503469
                        Uniquely mapped reads % |	21.29%
                          Average mapped length |	277.24
                       Number of splices: Total |	5258681
            Number of splices: Annotated (sjdb) |	5095091
                       Number of splices: GT/AG |	4757657
                       Number of splices: GC/AG |	187099
                       Number of splices: AT/AC |	4557
               Number of splices: Non-canonical |	309368
                      Mismatch rate per base, % |	0.89%
                         Deletion rate per base |	0.06%
                        Deletion average length |	3.06
                        Insertion rate per base |	0.04%
                       Insertion average length |	2.90
                             MULTI-MAPPING READS:
        Number of reads mapped to multiple loci |	12469334
             % of reads mapped to multiple loci |	14.35%
        Number of reads mapped to too many loci |	9758178
             % of reads mapped to too many loci |	11.23%
                                  UNMAPPED READS:
  Number of reads unmapped: too many mismatches |	0
       % of reads unmapped: too many mismatches |	0.00%
            Number of reads unmapped: too short |	22016605
                 % of reads unmapped: too short |	25.34%
                Number of reads unmapped: other |	24154261
                     % of reads unmapped: other |	27.79%
                                  CHIMERIC READS:
                       Number of chimeric reads |	0
                            % of chimeric reads |	0.00%
