                                 Started job on |	Jul 27 13:58:49
                             Started mapping on |	Jul 27 14:35:22
                                    Finished on |	Jul 27 15:49:35
       Mapping speed, Million of reads per hour |	66.69

                          Number of input reads |	82491001
                      Average input read length |	268
                                    UNIQUE READS:
                   Uniquely mapped reads number |	16581273
                        Uniquely mapped reads % |	20.10%
                          Average mapped length |	279.82
                       Number of splices: Total |	6733752
            Number of splices: Annotated (sjdb) |	6603297
                       Number of splices: GT/AG |	6215680
                       Number of splices: GC/AG |	257134
                       Number of splices: AT/AC |	3702
               Number of splices: Non-canonical |	257236
                      Mismatch rate per base, % |	0.84%
                         Deletion rate per base |	0.05%
                        Deletion average length |	3.02
                        Insertion rate per base |	0.04%
                       Insertion average length |	2.97
                             MULTI-MAPPING READS:
        Number of reads mapped to multiple loci |	11555512
             % of reads mapped to multiple loci |	14.01%
        Number of reads mapped to too many loci |	9768118
             % of reads mapped to too many loci |	11.84%
                                  UNMAPPED READS:
  Number of reads unmapped: too many mismatches |	0
       % of reads unmapped: too many mismatches |	0.00%
            Number of reads unmapped: too short |	17115064
                 % of reads unmapped: too short |	20.75%
                Number of reads unmapped: other |	27471034
                     % of reads unmapped: other |	33.30%
                                  CHIMERIC READS:
                       Number of chimeric reads |	0
                            % of chimeric reads |	0.00%
