                                 Started job on |	Jul 27 15:03:41
                             Started mapping on |	Jul 27 15:46:34
                                    Finished on |	Jul 27 17:00:55
       Mapping speed, Million of reads per hour |	68.96

                          Number of input reads |	85451385
                      Average input read length |	266
                                    UNIQUE READS:
                   Uniquely mapped reads number |	18509293
                        Uniquely mapped reads % |	21.66%
                          Average mapped length |	278.65
                       Number of splices: Total |	6721755
            Number of splices: Annotated (sjdb) |	6571605
                       Number of splices: GT/AG |	6266742
                       Number of splices: GC/AG |	165292
                       Number of splices: AT/AC |	34145
               Number of splices: Non-canonical |	255576
                      Mismatch rate per base, % |	0.84%
                         Deletion rate per base |	0.06%
                        Deletion average length |	3.05
                        Insertion rate per base |	0.04%
                       Insertion average length |	2.90
                             MULTI-MAPPING READS:
        Number of reads mapped to multiple loci |	11531283
             % of reads mapped to multiple loci |	13.49%
        Number of reads mapped to too many loci |	10315270
             % of reads mapped to too many loci |	12.07%
                                  UNMAPPED READS:
  Number of reads unmapped: too many mismatches |	0
       % of reads unmapped: too many mismatches |	0.00%
            Number of reads unmapped: too short |	18447681
                 % of reads unmapped: too short |	21.59%
                Number of reads unmapped: other |	26647858
                     % of reads unmapped: other |	31.18%
                                  CHIMERIC READS:
                       Number of chimeric reads |	0
                            % of chimeric reads |	0.00%
