                                 Started job on |	Jul 27 15:33:34
                             Started mapping on |	Jul 27 16:12:48
                                    Finished on |	Jul 27 17:22:52
       Mapping speed, Million of reads per hour |	78.39

                          Number of input reads |	91538543
                      Average input read length |	265
                                    UNIQUE READS:
                   Uniquely mapped reads number |	18410181
                        Uniquely mapped reads % |	20.11%
                          Average mapped length |	277.67
                       Number of splices: Total |	6352845
            Number of splices: Annotated (sjdb) |	6211132
                       Number of splices: GT/AG |	5878321
                       Number of splices: GC/AG |	92398
                       Number of splices: AT/AC |	7295
               Number of splices: Non-canonical |	374831
                      Mismatch rate per base, % |	0.83%
                         Deletion rate per base |	0.06%
                        Deletion average length |	2.98
                        Insertion rate per base |	0.04%
                       Insertion average length |	2.88
                             MULTI-MAPPING READS:
        Number of reads mapped to multiple loci |	13096271
             % of reads mapped to multiple loci |	14.31%
        Number of reads mapped to too many loci |	10745492
             % of reads mapped to too many loci |	11.74%
                                  UNMAPPED READS:
  Number of reads unmapped: too many mismatches |	0
       % of reads unmapped: too many mismatches |	0.00%
            Number of reads unmapped: too short |	21681521
                 % of reads unmapped: too short |	23.69%
                Number of reads unmapped: other |	27605078
                     % of reads unmapped: other |	30.16%
                                  CHIMERIC READS:
                       Number of chimeric reads |	0
                            % of chimeric reads |	0.00%
