                                 Started job on |	Jul 27 15:53:08
                             Started mapping on |	Jul 27 16:28:37
                                    Finished on |	Jul 27 17:25:44
       Mapping speed, Million of reads per hour |	88.44

                          Number of input reads |	84186946
                      Average input read length |	267
                                    UNIQUE READS:
                   Uniquely mapped reads number |	18914768
                        Uniquely mapped reads % |	22.47%
                          Average mapped length |	279.56
                       Number of splices: Total |	7618284
            Number of splices: Annotated (sjdb) |	7485529
                       Number of splices: GT/AG |	7197973
                       Number of splices: GC/AG |	185244
                       Number of splices: AT/AC |	8314
               Number of splices: Non-canonical |	226753
                      Mismatch rate per base, % |	0.76%
                         Deletion rate per base |	0.05%
                        Deletion average length |	3.00
                        Insertion rate per base |	0.03%
                       Insertion average length |	2.62
                             MULTI-MAPPING READS:
        Number of reads mapped to multiple loci |	12529439
             % of reads mapped to multiple loci |	14.88%
        Number of reads mapped to too many loci |	7892555
             % of reads mapped to too many loci |	9.38%
                                  UNMAPPED READS:
  Number of reads unmapped: too many mismatches |	0
       % of reads unmapped: too many mismatches |	0.00%
            Number of reads unmapped: too short |	20075391
                 % of reads unmapped: too short |	23.85%
                Number of reads unmapped: other |	24774793
                     % of reads unmapped: other |	29.43%
                                  CHIMERIC READS:
                       Number of chimeric reads |	0
                            % of chimeric reads |	0.00%
