                                 Started job on |	Jul 27 16:08:34
                             Started mapping on |	Jul 27 16:34:50
                                    Finished on |	Jul 27 17:07:37
       Mapping speed, Million of reads per hour |	123.07

                          Number of input reads |	67242776
                      Average input read length |	269
                                    UNIQUE READS:
                   Uniquely mapped reads number |	21180547
                        Uniquely mapped reads % |	31.50%
                          Average mapped length |	283.46
                       Number of splices: Total |	5835217
            Number of splices: Annotated (sjdb) |	5684808
                       Number of splices: GT/AG |	5479532
                       Number of splices: GC/AG |	120614
                       Number of splices: AT/AC |	4908
               Number of splices: Non-canonical |	230163
                      Mismatch rate per base, % |	0.79%
                         Deletion rate per base |	0.06%
                        Deletion average length |	3.09
                        Insertion rate per base |	0.04%
                       Insertion average length |	2.79
                             MULTI-MAPPING READS:
        Number of reads mapped to multiple loci |	8851432
             % of reads mapped to multiple loci |	13.16%
        Number of reads mapped to too many loci |	4488577
             % of reads mapped to too many loci |	6.68%
                                  UNMAPPED READS:
  Number of reads unmapped: too many mismatches |	0
       % of reads unmapped: too many mismatches |	0.00%
            Number of reads unmapped: too short |	17353217
                 % of reads unmapped: too short |	25.81%
                Number of reads unmapped: other |	15369003
                     % of reads unmapped: other |	22.86%
                                  CHIMERIC READS:
                       Number of chimeric reads |	0
                            % of chimeric reads |	0.00%
