                                 Started job on |	Jul 27 16:20:27
                             Started mapping on |	Jul 27 17:00:50
                                    Finished on |	Jul 27 18:01:35
       Mapping speed, Million of reads per hour |	73.63

                          Number of input reads |	74548052
                      Average input read length |	266
                                    UNIQUE READS:
                   Uniquely mapped reads number |	17809143
                        Uniquely mapped reads % |	23.89%
                          Average mapped length |	280.37
                       Number of splices: Total |	3348669
            Number of splices: Annotated (sjdb) |	3189658
                       Number of splices: GT/AG |	2996038
                       Number of splices: GC/AG |	132409
                       Number of splices: AT/AC |	3386
               Number of splices: Non-canonical |	216836
                      Mismatch rate per base, % |	0.88%
                         Deletion rate per base |	0.07%
                        Deletion average length |	3.10
                        Insertion rate per base |	0.05%
                       Insertion average length |	2.87
                             MULTI-MAPPING READS:
        Number of reads mapped to multiple loci |	9243705
             % of reads mapped to multiple loci |	12.40%
        Number of reads mapped to too many loci |	6851516
             % of reads mapped to too many loci |	9.19%
                                  UNMAPPED READS:
  Number of reads unmapped: too many mismatches |	0
       % of reads unmapped: too many mismatches |	0.00%
            Number of reads unmapped: too short |	19934487
                 % of reads unmapped: too short |	26.74%
                Number of reads unmapped: other |	20709201
                     % of reads unmapped: other |	27.78%
                                  CHIMERIC READS:
                       Number of chimeric reads |	0
                            % of chimeric reads |	0.00%
