                                 Started job on |	Jul 27 17:11:48
                             Started mapping on |	Jul 27 17:46:03
                                    Finished on |	Jul 27 18:37:05
       Mapping speed, Million of reads per hour |	93.66

                          Number of input reads |	79660006
                      Average input read length |	262
                                    UNIQUE READS:
                   Uniquely mapped reads number |	17045081
                        Uniquely mapped reads % |	21.40%
                          Average mapped length |	276.31
                       Number of splices: Total |	3552902
            Number of splices: Annotated (sjdb) |	3402343
                       Number of splices: GT/AG |	3214244
                       Number of splices: GC/AG |	125238
                       Number of splices: AT/AC |	2530
               Number of splices: Non-canonical |	210890
                      Mismatch rate per base, % |	0.89%
                         Deletion rate per base |	0.07%
                        Deletion average length |	3.11
                        Insertion rate per base |	0.04%
                       Insertion average length |	2.84
                             MULTI-MAPPING READS:
        Number of reads mapped to multiple loci |	10511764
             % of reads mapped to multiple loci |	13.20%
        Number of reads mapped to too many loci |	7899979
             % of reads mapped to too many loci |	9.92%
                                  UNMAPPED READS:
  Number of reads unmapped: too many mismatches |	0
       % of reads unmapped: too many mismatches |	0.00%
            Number of reads unmapped: too short |	22670927
                 % of reads unmapped: too short |	28.46%
                Number of reads unmapped: other |	21532255
                     % of reads unmapped: other |	27.03%
                                  CHIMERIC READS:
                       Number of chimeric reads |	0
                            % of chimeric reads |	0.00%
