                                 Started job on |	Jul 27 17:29:09
                             Started mapping on |	Jul 27 18:13:59
                                    Finished on |	Jul 27 19:42:53
       Mapping speed, Million of reads per hour |	66.79

                          Number of input reads |	98953390
                      Average input read length |	264
                                    UNIQUE READS:
                   Uniquely mapped reads number |	19167312
                        Uniquely mapped reads % |	19.37%
                          Average mapped length |	277.29
                       Number of splices: Total |	4181424
            Number of splices: Annotated (sjdb) |	3986154
                       Number of splices: GT/AG |	3768385
                       Number of splices: GC/AG |	130519
                       Number of splices: AT/AC |	7841
               Number of splices: Non-canonical |	274679
                      Mismatch rate per base, % |	0.86%
                         Deletion rate per base |	0.07%
                        Deletion average length |	3.02
                        Insertion rate per base |	0.04%
                       Insertion average length |	2.83
                             MULTI-MAPPING READS:
        Number of reads mapped to multiple loci |	13339456
             % of reads mapped to multiple loci |	13.48%
        Number of reads mapped to too many loci |	13572381
             % of reads mapped to too many loci |	13.72%
                                  UNMAPPED READS:
  Number of reads unmapped: too many mismatches |	0
       % of reads unmapped: too many mismatches |	0.00%
            Number of reads unmapped: too short |	22542208
                 % of reads unmapped: too short |	22.78%
                Number of reads unmapped: other |	30332033
                     % of reads unmapped: other |	30.65%
                                  CHIMERIC READS:
                       Number of chimeric reads |	0
                            % of chimeric reads |	0.00%
