                                 Started job on |	Jul 27 15:39:13
                             Started mapping on |	Jul 27 16:24:36
                                    Finished on |	Jul 27 17:35:53
       Mapping speed, Million of reads per hour |	68.48

                          Number of input reads |	81358936
                      Average input read length |	262
                                    UNIQUE READS:
                   Uniquely mapped reads number |	17260267
                        Uniquely mapped reads % |	21.21%
                          Average mapped length |	277.98
                       Number of splices: Total |	3724738
            Number of splices: Annotated (sjdb) |	3569677
                       Number of splices: GT/AG |	3407318
                       Number of splices: GC/AG |	80303
                       Number of splices: AT/AC |	4277
               Number of splices: Non-canonical |	232840
                      Mismatch rate per base, % |	0.86%
                         Deletion rate per base |	0.07%
                        Deletion average length |	3.05
                        Insertion rate per base |	0.04%
                       Insertion average length |	2.86
                             MULTI-MAPPING READS:
        Number of reads mapped to multiple loci |	11450937
             % of reads mapped to multiple loci |	14.07%
        Number of reads mapped to too many loci |	8638136
             % of reads mapped to too many loci |	10.62%
                                  UNMAPPED READS:
  Number of reads unmapped: too many mismatches |	0
       % of reads unmapped: too many mismatches |	0.00%
            Number of reads unmapped: too short |	22069260
                 % of reads unmapped: too short |	27.13%
                Number of reads unmapped: other |	21940336
                     % of reads unmapped: other |	26.97%
                                  CHIMERIC READS:
                       Number of chimeric reads |	0
                            % of chimeric reads |	0.00%
