                                 Started job on |	Jul 27 16:09:52
                             Started mapping on |	Jul 27 16:48:21
                                    Finished on |	Jul 27 17:53:05
       Mapping speed, Million of reads per hour |	71.21

                          Number of input reads |	76825804
                      Average input read length |	263
                                    UNIQUE READS:
                   Uniquely mapped reads number |	16080996
                        Uniquely mapped reads % |	20.93%
                          Average mapped length |	276.33
                       Number of splices: Total |	3810807
            Number of splices: Annotated (sjdb) |	3669482
                       Number of splices: GT/AG |	3441154
                       Number of splices: GC/AG |	179212
                       Number of splices: AT/AC |	2667
               Number of splices: Non-canonical |	187774
                      Mismatch rate per base, % |	0.87%
                         Deletion rate per base |	0.07%
                        Deletion average length |	3.01
                        Insertion rate per base |	0.04%
                       Insertion average length |	2.89
                             MULTI-MAPPING READS:
        Number of reads mapped to multiple loci |	11372170
             % of reads mapped to multiple loci |	14.80%
        Number of reads mapped to too many loci |	8591790
             % of reads mapped to too many loci |	11.18%
                                  UNMAPPED READS:
  Number of reads unmapped: too many mismatches |	0
       % of reads unmapped: too many mismatches |	0.00%
            Number of reads unmapped: too short |	18545164
                 % of reads unmapped: too short |	24.14%
                Number of reads unmapped: other |	22235684
                     % of reads unmapped: other |	28.94%
                                  CHIMERIC READS:
                       Number of chimeric reads |	0
                            % of chimeric reads |	0.00%
