                                 Started job on |	Jul 27 16:45:57
                             Started mapping on |	Jul 27 17:18:20
                                    Finished on |	Jul 27 18:12:43
       Mapping speed, Million of reads per hour |	79.57

                          Number of input reads |	72117912
                      Average input read length |	265
                                    UNIQUE READS:
                   Uniquely mapped reads number |	15780838
                        Uniquely mapped reads % |	21.88%
                          Average mapped length |	278.41
                       Number of splices: Total |	3784729
            Number of splices: Annotated (sjdb) |	3648913
                       Number of splices: GT/AG |	3409959
                       Number of splices: GC/AG |	157792
                       Number of splices: AT/AC |	9238
               Number of splices: Non-canonical |	207740
                      Mismatch rate per base, % |	0.88%
                         Deletion rate per base |	0.07%
                        Deletion average length |	3.01
                        Insertion rate per base |	0.04%
                       Insertion average length |	2.86
                             MULTI-MAPPING READS:
        Number of reads mapped to multiple loci |	10771235
             % of reads mapped to multiple loci |	14.94%
        Number of reads mapped to too many loci |	7323424
             % of reads mapped to too many loci |	10.15%
                                  UNMAPPED READS:
  Number of reads unmapped: too many mismatches |	0
       % of reads unmapped: too many mismatches |	0.00%
            Number of reads unmapped: too short |	17616748
                 % of reads unmapped: too short |	24.43%
                Number of reads unmapped: other |	20625667
                     % of reads unmapped: other |	28.60%
                                  CHIMERIC READS:
                       Number of chimeric reads |	0
                            % of chimeric reads |	0.00%
