                                 Started job on |	Jul 27 17:07:04
                             Started mapping on |	Jul 27 17:46:07
                                    Finished on |	Jul 27 18:52:51
       Mapping speed, Million of reads per hour |	66.95

                          Number of input reads |	74462395
                      Average input read length |	261
                                    UNIQUE READS:
                   Uniquely mapped reads number |	13141751
                        Uniquely mapped reads % |	17.65%
                          Average mapped length |	275.74
                       Number of splices: Total |	3199142
            Number of splices: Annotated (sjdb) |	3071320
                       Number of splices: GT/AG |	2884930
                       Number of splices: GC/AG |	80506
                       Number of splices: AT/AC |	14263
               Number of splices: Non-canonical |	219443
                      Mismatch rate per base, % |	0.92%
                         Deletion rate per base |	0.07%
                        Deletion average length |	2.88
                        Insertion rate per base |	0.04%
                       Insertion average length |	2.87
                             MULTI-MAPPING READS:
        Number of reads mapped to multiple loci |	11961888
             % of reads mapped to multiple loci |	16.06%
        Number of reads mapped to too many loci |	10241664
             % of reads mapped to too many loci |	13.75%
                                  UNMAPPED READS:
  Number of reads unmapped: too many mismatches |	0
       % of reads unmapped: too many mismatches |	0.00%
            Number of reads unmapped: too short |	18078284
                 % of reads unmapped: too short |	24.28%
                Number of reads unmapped: other |	21038808
                     % of reads unmapped: other |	28.25%
                                  CHIMERIC READS:
                       Number of chimeric reads |	0
                            % of chimeric reads |	0.00%
