                                 Started job on |	Jul 27 13:47:12
                             Started mapping on |	Jul 27 14:25:20
                                    Finished on |	Jul 27 15:49:55
       Mapping speed, Million of reads per hour |	60.38

                          Number of input reads |	85125749
                      Average input read length |	265
                                    UNIQUE READS:
                   Uniquely mapped reads number |	15722898
                        Uniquely mapped reads % |	18.47%
                          Average mapped length |	277.66
                       Number of splices: Total |	3978975
            Number of splices: Annotated (sjdb) |	3822948
                       Number of splices: GT/AG |	3643219
                       Number of splices: GC/AG |	80119
                       Number of splices: AT/AC |	11521
               Number of splices: Non-canonical |	244116
                      Mismatch rate per base, % |	0.85%
                         Deletion rate per base |	0.06%
                        Deletion average length |	3.06
                        Insertion rate per base |	0.04%
                       Insertion average length |	2.83
                             MULTI-MAPPING READS:
        Number of reads mapped to multiple loci |	13452648
             % of reads mapped to multiple loci |	15.80%
        Number of reads mapped to too many loci |	11797807
             % of reads mapped to too many loci |	13.86%
                                  UNMAPPED READS:
  Number of reads unmapped: too many mismatches |	0
       % of reads unmapped: too many mismatches |	0.00%
            Number of reads unmapped: too short |	18283491
                 % of reads unmapped: too short |	21.48%
                Number of reads unmapped: other |	25868905
                     % of reads unmapped: other |	30.39%
                                  CHIMERIC READS:
                       Number of chimeric reads |	0
                            % of chimeric reads |	0.00%
