INFO [2026-04-30 14:30:27] $x
INFO [2026-04-30 14:30:27] venn_list
INFO [2026-04-30 14:30:27] 
INFO [2026-04-30 14:30:27] $filename
INFO [2026-04-30 14:30:27] NULL
INFO [2026-04-30 14:30:27] 
INFO [2026-04-30 14:30:27] $fill
INFO [2026-04-30 14:30:27] c("#4E79A7", "#E15759", "#59A14F")
INFO [2026-04-30 14:30:27] 
INFO [2026-04-30 14:30:27] $alpha
INFO [2026-04-30 14:30:27] [1] 0.5
INFO [2026-04-30 14:30:27] 
INFO [2026-04-30 14:30:27] $cex
INFO [2026-04-30 14:30:27] [1] 1.3
INFO [2026-04-30 14:30:27] 
INFO [2026-04-30 14:30:27] $cat.cex
INFO [2026-04-30 14:30:27] [1] 1.2
INFO [2026-04-30 14:30:27] 
INFO [2026-04-30 14:30:27] $margin
INFO [2026-04-30 14:30:27] [1] 0.1
INFO [2026-04-30 14:30:27] 
